19:33:48 **** Incremental Build of project design_2_wrapper ****
buildplatform.sh 40043 design_2_wrapper no_domain_build 
XSDB Server Channel: tcfchan#2
19:33:57 **** Build of configuration Debug for project appARMcpu ****
make all 
make --no-print-directory pre-build
a9-linaro-pre-build-step
 
make --no-print-directory main-build
Building file: ../src/appARMcpu_main.c
Invoking: ARM v7 gcc compiler
arm-none-eabi-gcc -Wall -O0 -g3 -c -fmessage-length=0 -MT"src/appARMcpu_main.o" -mcpu=cortex-a9 -mfpu=vfpv3 -mfloat-abi=hard -I/home/pdp/PDP/fpga/zynq_fpga/workspace/design_2_wrapper/export/design_2_wrapper/sw/design_2_wrapper/standalone_domain/bspinclude/include -MMD -MP -MF"src/appARMcpu_main.d" -MT"src/appARMcpu_main.o" -o "src/appARMcpu_main.o" "../src/appARMcpu_main.c"
In file included from ../src/appARMcpu_main.c:8:
/home/pdp/PDP/fpga/zynq_fpga/workspace/design_2_wrapper/export/design_2_wrapper/sw/design_2_wrapper/standalone_domain/bspinclude/include/xtime_l.h:85:9: note: #pragma message: For the sleep routines, Global timer is being used
   85 | #pragma message ("For the sleep routines, Global timer is being used")
      |         ^~~~~~~
../src/appARMcpu_main.c: In function 'ReadWrite':
../src/appARMcpu_main.c:307:21: warning: implicit declaration of function 'printf' [-Wimplicit-function-declaration]
  307 |                     printf("Total energy :   %f J\n", E_total);
      |                     ^~~~~~
../src/appARMcpu_main.c:307:21: warning: incompatible implicit declaration of built-in function 'printf'
../src/appARMcpu_main.c:11:1: note: include '<stdio.h>' or provide a declaration of 'printf'
   10 | #include "xadcps.h"
  +++ |+#include <stdio.h>
   11 | 
Finished building: ../src/appARMcpu_main.c
 
Building target: appARMcpu.elf
Invoking: ARM v7 gcc linker
arm-none-eabi-gcc -L/home/pdp/PDP/fpga/zynq_fpga/workspace/design_2_wrapper/export/design_2_wrapper/sw/design_2_wrapper/standalone_domain/bsplib/lib -L"/home/pdp/PDP/fpga/zynq_fpga/workspace/design_2_wrapper/ps7_cortexa9_0/standalone_domain/bsp/ps7_cortexa9_0/lib" -mcpu=cortex-a9 -mfpu=vfpv3 -mfloat-abi=hard -Wl,-build-id=none -specs=Xilinx.spec -Wl,-T -Wl,../src/lscript.ld -o "appARMcpu.elf"  ./src/appARMcpu_main.o   -Wl,--start-group,-lxil,-lgcc,-lc,--end-group -Wl,--start-group,-lxilffs,-lxil,-lgcc,-lc,--end-group
Finished building target: appARMcpu.elf
 
Invoking: ARM v7 Print Size
arm-none-eabi-size appARMcpu.elf  |tee "appARMcpu.elf.size"
   text	   data	    bss	    dec	    hex	filename
  92420	   2708	10516624	10611752	 a1ec28	appARMcpu.elf
Finished building: appARMcpu.elf.size
 
